----- CLI crash report at 2026-08-15T17:41:21.362Z
Error Trace
FailedToFetchPackageDetails: FailedToFetchPackageDetails
    at fetchPackageDetails (/usr/local/lib/node_modules/@wix/cli-version-manager/src/package-details-reader.ts:54:11)
    at async versionNotifier (/usr/local/lib/node_modules/@wix/cli-version-manager/src/version-notifier.tsx:8:26)
    at async <anonymous> (/usr/local/lib/node_modules/@wix/cli/src/index.tsx:93:26)
caused by: FailedToWriteCache: FailedToWriteCache
    at Object.set (/usr/local/lib/node_modules/@wix/cli-fs-cache/src/index.ts:75:13)
    at async fetchPackageDetails (/usr/local/lib/node_modules/@wix/cli-version-manager/src/package-details-reader.ts:49:7)
    at async versionNotifier (/usr/local/lib/node_modules/@wix/cli-version-manager/src/version-notifier.tsx:8:26)
    at async <anonymous> (/usr/local/lib/node_modules/@wix/cli/src/index.tsx:93:26)
caused by: FailedToWriteJson: FailedToWriteJson
    at writeJson (/usr/local/lib/node_modules/@wix/cli-fs/src/index.ts:30:11)
    at async Object.set (/usr/local/lib/node_modules/@wix/cli-fs-cache/src/index.ts:69:7)
    at async fetchPackageDetails (/usr/local/lib/node_modules/@wix/cli-version-manager/src/package-details-reader.ts:49:7)
    at async versionNotifier (/usr/local/lib/node_modules/@wix/cli-version-manager/src/version-notifier.tsx:8:26)
    at async <anonymous> (/usr/local/lib/node_modules/@wix/cli/src/index.tsx:93:26)
caused by: Error: EACCES: permission denied, open '/usr/local/lib/node_modules/@wix/cli/version.cache.json'
    at async open (node:internal/fs/promises:640:25)
    at async writeFile (node:internal/fs/promises:1260:14)
    at async writeJson (/usr/local/lib/node_modules/@wix/cli-fs/src/index.ts:28:5)
    at async Object.set (/usr/local/lib/node_modules/@wix/cli-fs-cache/src/index.ts:69:7)
    at async fetchPackageDetails (/usr/local/lib/node_modules/@wix/cli-version-manager/src/package-details-reader.ts:49:7)
    at async versionNotifier (/usr/local/lib/node_modules/@wix/cli-version-manager/src/version-notifier.tsx:8:26)
    at async <anonymous> (/usr/local/lib/node_modules/@wix/cli/src/index.tsx:93:26)
Error Info
{}
----- CLI crash report at 2026-08-15T17:42:09.606Z
Error Trace
FailedToFetchPackageDetails: FailedToFetchPackageDetails
    at fetchPackageDetails (/usr/local/lib/node_modules/@wix/cli-version-manager/src/package-details-reader.ts:54:11)
    at async versionNotifier (/usr/local/lib/node_modules/@wix/cli-version-manager/src/version-notifier.tsx:8:26)
    at async <anonymous> (/usr/local/lib/node_modules/@wix/cli/src/index.tsx:93:26)
caused by: FailedToWriteCache: FailedToWriteCache
    at Object.set (/usr/local/lib/node_modules/@wix/cli-fs-cache/src/index.ts:75:13)
    at async fetchPackageDetails (/usr/local/lib/node_modules/@wix/cli-version-manager/src/package-details-reader.ts:49:7)
    at async versionNotifier (/usr/local/lib/node_modules/@wix/cli-version-manager/src/version-notifier.tsx:8:26)
    at async <anonymous> (/usr/local/lib/node_modules/@wix/cli/src/index.tsx:93:26)
caused by: FailedToWriteJson: FailedToWriteJson
    at writeJson (/usr/local/lib/node_modules/@wix/cli-fs/src/index.ts:30:11)
    at async Object.set (/usr/local/lib/node_modules/@wix/cli-fs-cache/src/index.ts:69:7)
    at async fetchPackageDetails (/usr/local/lib/node_modules/@wix/cli-version-manager/src/package-details-reader.ts:49:7)
    at async versionNotifier (/usr/local/lib/node_modules/@wix/cli-version-manager/src/version-notifier.tsx:8:26)
    at async <anonymous> (/usr/local/lib/node_modules/@wix/cli/src/index.tsx:93:26)
caused by: Error: EACCES: permission denied, open '/usr/local/lib/node_modules/@wix/cli/version.cache.json'
    at async open (node:internal/fs/promises:640:25)
    at async writeFile (node:internal/fs/promises:1260:14)
    at async writeJson (/usr/local/lib/node_modules/@wix/cli-fs/src/index.ts:28:5)
    at async Object.set (/usr/local/lib/node_modules/@wix/cli-fs-cache/src/index.ts:69:7)
    at async fetchPackageDetails (/usr/local/lib/node_modules/@wix/cli-version-manager/src/package-details-reader.ts:49:7)
    at async versionNotifier (/usr/local/lib/node_modules/@wix/cli-version-manager/src/version-notifier.tsx:8:26)
    at async <anonymous> (/usr/local/lib/node_modules/@wix/cli/src/index.tsx:93:26)
Error Info
{}
----- CLI crash report at 2026-08-15T17:42:22.366Z
Error Trace
FailedToFetchPackageDetails: FailedToFetchPackageDetails
    at fetchPackageDetails (/usr/local/lib/node_modules/@wix/cli-version-manager/src/package-details-reader.ts:54:11)
    at async versionNotifier (/usr/local/lib/node_modules/@wix/cli-version-manager/src/version-notifier.tsx:8:26)
    at async <anonymous> (/usr/local/lib/node_modules/@wix/cli/src/index.tsx:93:26)
caused by: FailedToWriteCache: FailedToWriteCache
    at Object.set (/usr/local/lib/node_modules/@wix/cli-fs-cache/src/index.ts:75:13)
    at async fetchPackageDetails (/usr/local/lib/node_modules/@wix/cli-version-manager/src/package-details-reader.ts:49:7)
    at async versionNotifier (/usr/local/lib/node_modules/@wix/cli-version-manager/src/version-notifier.tsx:8:26)
    at async <anonymous> (/usr/local/lib/node_modules/@wix/cli/src/index.tsx:93:26)
caused by: FailedToWriteJson: FailedToWriteJson
    at writeJson (/usr/local/lib/node_modules/@wix/cli-fs/src/index.ts:30:11)
    at async Object.set (/usr/local/lib/node_modules/@wix/cli-fs-cache/src/index.ts:69:7)
    at async fetchPackageDetails (/usr/local/lib/node_modules/@wix/cli-version-manager/src/package-details-reader.ts:49:7)
    at async versionNotifier (/usr/local/lib/node_modules/@wix/cli-version-manager/src/version-notifier.tsx:8:26)
    at async <anonymous> (/usr/local/lib/node_modules/@wix/cli/src/index.tsx:93:26)
caused by: Error: EACCES: permission denied, open '/usr/local/lib/node_modules/@wix/cli/version.cache.json'
    at async open (node:internal/fs/promises:640:25)
    at async writeFile (node:internal/fs/promises:1260:14)
    at async writeJson (/usr/local/lib/node_modules/@wix/cli-fs/src/index.ts:28:5)
    at async Object.set (/usr/local/lib/node_modules/@wix/cli-fs-cache/src/index.ts:69:7)
    at async fetchPackageDetails (/usr/local/lib/node_modules/@wix/cli-version-manager/src/package-details-reader.ts:49:7)
    at async versionNotifier (/usr/local/lib/node_modules/@wix/cli-version-manager/src/version-notifier.tsx:8:26)
    at async <anonymous> (/usr/local/lib/node_modules/@wix/cli/src/index.tsx:93:26)
Error Info
{}
----- CLI crash report at 2026-08-15T17:42:22.379Z
Error Trace
FailedToIdentifyProgramFlow: FailedToIdentifyProgramFlow
    at _Command.<anonymous> (/usr/local/lib/node_modules/@wix/cli/src/program.ts:80:15)
    at _Command.emit (node:events:509:28)
    at _Command._parseCommand (/usr/local/lib/node_modules/node_modules/commander/lib/command.js:1607:14)
    at _Command.parseAsync (/usr/local/lib/node_modules/node_modules/commander/lib/command.js:1104:16)
    at <anonymous> (/usr/local/lib/node_modules/@wix/cli/src/index.tsx:119:39)
Error Info
{}
